
  [PASS] binding-fidelity            1.8s  binding-fidelity: OK — no live or untriaged binding defects (57 triaged as accepted debt)
  [PASS] activity-variables          10.1s  activity-variables: OK — every activity declares the variables it reads and writes, every write has a reader, and every read has a writer on every path
  [PASS] artifact-status-once        0.8s  artifact-status-once: OK — no artifact template states the document status in both its header and a closing field
  [PASS] canonical-home-map          1.2s  canonical-home-map: OK — every canonical-home row names an artifact a technique declares (4 triaged as owing one)
  [PASS] nested-output-home          1.2s  nested-output-home: OK — every nested output component is declared in one place (2 triaged as still doubled)
  [PASS] identity-binds              1.3s  identity-binds: OK — no activity step restates same-name binding it could omit
  [PASS] inherited-inputs            1.4s  inherited-inputs: OK — no technique redeclares an input a container contract already delivers
  [PASS] corpus-links                1.0s  corpus-links: OK — every reference out of a namespace names the namespace rather than counting directories to it
  [PASS] protocol-shape              0.9s  protocol-shape: OK — every protocol phase is named in a heading of its own
  [PASS] section-framing             0.8s  section-framing: OK — no resource strands prose above its first section from an anchored citer
  [PASS] citation-grain              0.8s  citation-grain: OK — no file cites one resource both bare and by anchor
  [PASS] identifier-qualification    0.7s  identifier-qualification: OK — every technique I/O id is a qualified noun phrase
  [PASS] review-mode-gating          0.8s  review-mode-gating: OK — no review-reachable checkpoint auto-advances into unapproved mutating work
  [PASS] audience                    1.6s  audience: OK — every artifact declares its audience, and every agent-audience artifact is JSON on disk
  [PASS] artifact-guides             1.8s  artifact-guides: OK — every persisted artifact filename maps to a creation guide, none triaged as owing one
  [PASS] repeated-runs               1.7s  repeated-runs: OK — every repeated run of steps is classified (26 accepted as debt, 0 provisional and named above)
  [PASS] description-hygiene         1.4s  description-hygiene: OK — no mechanical description-hygiene hits on activity YAML prose
  [PASS] checkpoint-entry            5.3s  checkpoint-entry: OK — no activity opens with a checkpoint
  [PASS] workflow-identity           1.1s  workflow-identity: OK — every workflow declares the id its directory names
  [PASS] namespace-collision         0.9s  namespace-collision: OK — every directory name in the corpus reaches the one directory that carries it
  [PASS] checkpoint-presentation     1.2s  checkpoint-presentation: OK — when a gate is presented is stated only in the engine technique that owns it
  [PASS] message-binding             8.2s  message-binding: OK — every gate shows only values the bag holds when it is presented
  [PASS] decision-order              1.4s  decision-order: OK — no checkpoint decides a value an earlier step already read
  [PASS] bootstrap-self-contained    0.9s  bootstrap-self-contained: OK — the pre-session bootstrap text sends the reader nowhere it cannot go
  [PASS] tool-call-shape             1.1s  tool-call-shape: OK — every described tool call names arguments its tool declares, and every whole signature names the required ones
  [PASS] declared-values             1.7s  declared-values: OK — every declared value is left standing by a protocol phase
  [PASS] rule-citation-form          1.1s  rule-citation-form: OK — every technique names the rules it cites, rather than linking to where they are written
  [PASS] set-action-values           1.6s  set-action-values: OK — every set action names where it writes, and braces what it reads
  [PASS] harness-adapter-set         1.4s  harness-adapter-set: OK — every harness kind resolves to an adapter declaring exactly the technique kinds the map offers
  [PASS] launched-workflows          1.8s  launched workflows: OK — every declared launch is performed, every launch is declared, and both name a workflow the corpus holds
  [PASS] self-provisioned-input      1.6s  self-provisioned input: OK — no step interpolates its own set target into its technique inputs
  [PASS] self-composed-set           1.7s  self-composed set: OK — no set action builds its value out of the variable it writes
  [PASS] branch-as-step              1.0s  branch-as-step: OK — no protocol phase encodes a conditional branch as a step
  [PASS] activity-technique-overlap  1.3s  activity/step technique overlap: OK — no activity-level technique duplicates a step binding
  [PASS] prism-lens-reachability     1.1s  prism lens reachability: OK — every lens is goal-routable or pipeline-internal, and every named lens resolves
  [PASS] resource-anchors            1.7s  resource-anchors: OK — every relative .md#anchor link resolves to a rendered heading, and every fence closes
  [PASS] technique-template          1.4s  technique-template: OK — every technique file follows the normative template
  [PASS] variable-model              1.8s  variable-model: OK — defaults, gates and setVariable effects are coherent with the seeded variable model
  [PASS] duplicate-bodies            1.7s  duplicate-bodies: OK — no rule text and no checkpoint body is authored twice
  [PASS] resource-statement-home     2.4s  resource-statement-home: OK — no resource statement is authored at two sites
  [PASS] stealth-isolation           2.5s  stealth-isolation: OK — no leakage path found for 'remediate-vuln' (static)
  [PASS] when-expression             1.5s  when-expression: OK — all when: gates parse and honor mixed-ops parentheses
  [PASS] loop-shape                  1.7s  loop-shape: OK — every loop declares the fields its iteration type uses, and no others
  [PASS] refs                        3.7s  refs: OK — every activity/workflow techniques[] reference resolves through the loader
  [PASS] activities                  2.1s  Total: 278 passed, 0 failed
  [PASS] workflow-yaml               3.8s  workflow-yaml: OK — 64 workflow(s) valid.
  [PASS] pinned-corpus-paths         1.3s  pinned-corpus-paths: OK — 25 corpus path(s) pinned in TypeScript all resolve (7 authored into a fixture tree, 5 illustrating a shape in a comment, and 39 naming a non-corpus id were not checked)
  [PASS] routines                    3.0s  routines: OK — every routine's signature matches its body, and every routine sits in a home that answers for it
  [PASS] inventory-schema-agreement  1.7s  inventory-schema-agreement: OK — every construct-inventory section is read, every field in it resolves in the schema its section names, and every step kind has a row
  [PASS] fires-on-ids                1.4s  fires-on-ids: OK — every id a canon unit fires on is canon-defined, an authored kind, or a field path into one
  [PASS] guard-roster                1.0s  guard-roster: OK — every guard program the corpus cites exists, and no file restates the roster
  [PASS] gitnexus-tool-answers       0.9s  gitnexus-tool-answers: OK — 39 GitNexus technique(s) settle their answer through a tool (2 excused for a reading GitNexus publishes through a resource alone)
  [PASS] routine-signature-prose     1.0s  routine-signature-prose: OK — no routine signature teaches the reference site what to bind
  [PASS] unserved-operation-refs     0.9s  unserved-operation-refs: OK — no technique sends its reader to a technique it was not served

54 guard(s) in 10.2s — 54 pass, 0 fail, 0 unmeasured
